// Jest Snapshot v1, https://goo.gl/fbAQLP

exports[`<Input /> should match snapshot with error 1`] = `
<View
  className="w-[90%] mb-4"
>
  <Text
    className="mb-1 text-base text-black font-medium"
  >
    Senha
  </Text>
  <View
    className="flex-row items-center rounded-lg bg-white px-3 border border-red"
  >
    <TextInput
      className="flex-1 h-[45px] text-[17px] text-black"
      placeholder="Digite sua senha"
      placeholderTextColor="#A1A1A1"
    />
  </View>
  <Text
    className="mt-1 text-sm text-red"
  >
    Senha inv√°lida
  </Text>
</View>
`;

exports[`<Input /> should match snapshot without error 1`] = `
<View
  className="w-[90%] mb-4"
>
  <Text
    className="mb-1 text-base text-black font-medium"
  >
    Senha
  </Text>
  <View
    className="flex-row items-center rounded-lg bg-white px-3 border border-[#E8E8E8]"
  >
    <TextInput
      className="flex-1 h-[45px] text-[17px] text-black"
      placeholder="Digite sua senha"
      placeholderTextColor="#A1A1A1"
    />
  </View>
</View>
`;
